 180.168.202.42 - - [24/Apr/2018:11:06:01 +0800] "GET /imgs/markdown/003.png HTTP/1.1" 200 4799 79 "-" "Mozilla/5.0 (Macintosh; Intel Mac OS X 10_12_6) AppleWebKit/537.36 (KHTML, like Gecko) Chrome/65.0.3325.181 Safari/537.36" "xiaoyulive.oss-cn-beijing.aliyuncs.com" "5ADE9F1995F08143FB50235C" "true" "-" "GetObject" "xiaoyulive" "imgs%2Fmarkdown%2F003.png" 4799 26 "-" 358 "1713938831368082" - "-" "-"
 114.94.36.180 - - [24/Apr/2018:11:10:29 +0800] "GET /imgs/0006.png HTTP/1.1" 403 292 0 "https://blog.csdn.net/u014302759/article/details/78634951" "Mozilla/5.0 (Windows NT 6.1; WOW64) AppleWebKit/537.36 (KHTML, like Gecko) Chrome/47.0.2526.108 Safari/537.36 2345Explorer/8.8.3.16721" "xiaoyulive.oss-cn-beijing.aliyuncs.com" "5ADEA02595F08143FB52FD2B" "true" "-" "GetObject" "xiaoyulive" "imgs%2F0006.png" - 0 "AccessDenied" 420 "1713938831368082" - "-" "-"
 182.150.22.183 - - [24/Apr/2018:11:10:57 +0800] "GET /imgs/react/005.jpg HTTP/1.1" 403 292 8 "http://frontend.dev-ag.56qq.com/docs/reference/react.html" "Mozilla/5.0 (Windows NT 6.1; Win64; x64) AppleWebKit/537.36 (KHTML, like Gecko) Chrome/66.0.3359.117 Safari/537.36" "xiaoyulive.oss-cn-beijing.aliyuncs.com" "5ADEA041DA90A7CB3C586123" "true" "-" "GetObject" "xiaoyulive" "imgs%2Freact%2F005.jpg" - 6 "AccessDenied" 425 "1713938831368082" - "-" "-"
 119.145.99.44 - - [24/Apr/2018:11:16:30 +0800] "GET /imgs/0006.png HTTP/1.1" 403 292 5 "https://blog.csdn.net/u014302759/article/details/78634951" "Mozilla/5.0 (Windows NT 6.1; Win64; x64; rv:59.0) Gecko/20100101 Firefox/59.0" "xiaoyulive.oss-cn-beijing.aliyuncs.com" "5ADEA18E7860A52C5962509F" "true" "-" "GetObject" "xiaoyulive" "imgs%2F0006.png" - 5 "AccessDenied" 383 "1713938831368082" - "-" "-"
 183.63.51.77 - - [24/Apr/2018:11:18:56 +0800] "GET /imgs/markdown/003.png HTTP/1.1" 200 4799 45 "-" "Mozilla/5.0 (Windows NT 10.0; WOW64) AppleWebKit/537.36 (KHTML, like Gecko) Chrome/65.0.3325.181 Safari/537.36" "xiaoyulive.oss-cn-beijing.aliyuncs.com" "5ADEA220C3FACB6D7856EFC3" "true" "-" "GetObject" "xiaoyulive" "imgs%2Fmarkdown%2F003.png" 4799 12 "-" 347 "1713938831368082" - "-" "-"
 183.63.51.77 - - [24/Apr/2018:11:19:05 +0800] "GET /imgs/gitbook/002.png HTTP/1.1" 200 14966 49 "-" "Mozilla/5.0 (Windows NT 10.0; WOW64) AppleWebKit/537.36 (KHTML, like Gecko) Chrome/65.0.3325.181 Safari/537.36" "xiaoyulive.oss-cn-beijing.aliyuncs.com" "5ADEA229214AA67E6F3E20D6" "true" "-" "GetObject" "xiaoyulive" "imgs%2Fgitbook%2F002.png" 14966 32 "-" 346 "1713938831368082" - "-" "-"
 183.63.51.77 - - [24/Apr/2018:11:19:05 +0800] "GET /imgs/gitbook/003.png HTTP/1.1" 200 31108 63 "-" "Mozilla/5.0 (Windows NT 10.0; WOW64) AppleWebKit/537.36 (KHTML, like Gecko) Chrome/65.0.3325.181 Safari/537.36" "xiaoyulive.oss-cn-beijing.aliyuncs.com" "5ADEA2297FFDC2BA673BCBE7" "true" "-" "GetObject" "xiaoyulive" "imgs%2Fgitbook%2F003.png" 31108 43 "-" 346 "1713938831368082" - "-" "-"
 183.63.51.77 - - [24/Apr/2018:11:19:05 +0800] "GET /imgs/gitbook/001.png HTTP/1.1" 200 8793 45 "-" "Mozilla/5.0 (Windows NT 10.0; WOW64) AppleWebKit/537.36 (KHTML, like Gecko) Chrome/65.0.3325.181 Safari/537.36" "xiaoyulive.oss-cn-beijing.aliyuncs.com" "5ADEA229C3FACB6D78570B5D" "true" "-" "GetObject" "xiaoyulive" "imgs%2Fgitbook%2F001.png" 8793 44 "-" 346 "1713938831368082" - "-" "-"
 123.120.5.61 - - [24/Apr/2018:11:20:06 +0800] "GET /imgs/0006.png HTTP/1.1" 403 292 0 "https://blog.csdn.net/u014302759/article/details/78634951" "Mozilla/5.0 (Windows NT 10.0; WOW64) AppleWebKit/537.36 (KHTML, like Gecko) Chrome/64.0.3282.168 Safari/537.36" "xiaoyulive.oss-cn-beijing.aliyuncs.com" "5ADEA266DA90A7CB3C5E59EB" "true" "-" "GetObject" "xiaoyulive" "imgs%2F0006.png" - 0 "AccessDenied" 407 "1713938831368082" - "-" "-"
 183.63.51.77 - - [24/Apr/2018:11:20:23 +0800] "GET /imgs/gitbook/004.png HTTP/1.1" 200 6920 51 "-" "Mozilla/5.0 (Windows NT 10.0; WOW64) AppleWebKit/537.36 (KHTML, like Gecko) Chrome/65.0.3325.181 Safari/537.36" "xiaoyulive.oss-cn-beijing.aliyuncs.com" "5ADEA2779AA69F6D83535173" "true" "-" "GetObject" "xiaoyulive" "imgs%2Fgitbook%2F004.png" 6920 30 "-" 346 "1713938831368082" - "-" "-"
 155.246.169.127 - - [24/Apr/2018:11:22:15 +0800] "GET /imgs/react/004.png HTTP/1.1" 200 30383 70 "-" "Mozilla/5.0 (Macintosh; Intel Mac OS X 10_13_4) AppleWebKit/537.36 (KHTML, like Gecko) Chrome/65.0.3325.181 Safari/537.36" "xiaoyulive.oss-cn-beijing.aliyuncs.com" "5ADEA2E7875D82896B3B9A8C" "true" "-" "GetObject" "xiaoyulive" "imgs%2Freact%2F004.png" 30383 44 "-" 376 "1713938831368082" - "-" "-"
 182.150.22.183 - - [24/Apr/2018:11:27:52 +0800] "GET /imgs/react/005.jpg HTTP/1.1" 403 292 5 "http://frontend.dev-ag.56qq.com/docs/reference/react.html" "Mozilla/5.0 (Windows NT 6.1; Win64; x64) AppleWebKit/537.36 (KHTML, like Gecko) Chrome/66.0.3359.117 Safari/537.36" "xiaoyulive.oss-cn-beijing.aliyuncs.com" "5ADEA438CF4DC1401252E0EF" "true" "-" "GetObject" "xiaoyulive" "imgs%2Freact%2F005.jpg" - 5 "AccessDenied" 425 "1713938831368082" - "-" "-"
 61.166.162.109 - - [24/Apr/2018:11:28:17 +0800] "GET /?delimiter=%2F&marker=&prefix= HTTP/1.1" 200 1978 107 "-" "Mozilla/5.0 (Windows NT 10.0; Win64; x64) AppleWebKit/537.36 (KHTML, like Gecko) oss-browser/1.4.5 Chrome/56.0.2924.87 Electron/1.6.5 Safari/537.36" "xiaoyulive.oss-cn-beijing.aliyuncs.com" "5ADEA4519AA69F6D835843ED" "true" "1713938831368082" "GetBucket" "xiaoyulive" "-" - 50 "-" 497 "1713938831368082" - "-" "-"
 61.166.162.109 - - [24/Apr/2018:11:28:25 +0800] "GET /?delimiter=%2F&marker=&prefix=date%2F HTTP/1.1" 200 1664 2 "-" "Mozilla/5.0 (Windows NT 10.0; Win64; x64) AppleWebKit/537.36 (KHTML, like Gecko) oss-browser/1.4.5 Chrome/56.0.2924.87 Electron/1.6.5 Safari/537.36" "xiaoyulive.oss-cn-beijing.aliyuncs.com" "5ADEA4599AA69F6D83585A30" "true" "1713938831368082" "GetBucket" "xiaoyulive" "-" - 1 "-" 504 "1713938831368082" - "-" "-"
 61.166.162.109 - - [24/Apr/2018:11:28:42 +0800] "PUT /date/test.html HTTP/1.1" 200 0 181 "-" "aliyun-sdk-nodejs/1.11.2(win32/10.0.14393/x64;v7.4.0)" "xiaoyulive.oss-cn-beijing.aliyuncs.com" "5ADEA469488C30869935693F" "true" "1713938831368082" "PutObject" "xiaoyulive" "date%2Ftest.html" - 4 "-" 640 "1713938831368082" 288 "-" "-"
 61.166.162.109 - - [24/Apr/2018:11:28:42 +0800] "PUT /date/0.gif HTTP/1.1" 200 0 182 "-" "aliyun-sdk-nodejs/1.11.2(win32/10.0.14393/x64;v7.4.0)" "xiaoyulive.oss-cn-beijing.aliyuncs.com" "5ADEA469794A925709407D20" "true" "1713938831368082" "PutObject" "xiaoyulive" "date%2F0.gif" - 8 "-" 3465 "1713938831368082" 3116 "-" "-"
 61.166.162.109 - - [24/Apr/2018:11:28:43 +0800] "GET /?delimiter=%2F&marker=&prefix=date%2F HTTP/1.1" 200 2383 2 "-" "Mozilla/5.0 (Windows NT 10.0; Win64; x64) AppleWebKit/537.36 (KHTML, like Gecko) oss-browser/1.4.5 Chrome/56.0.2924.87 Electron/1.6.5 Safari/537.36" "xiaoyulive.oss-cn-beijing.aliyuncs.com" "5ADEA46B9AA69F6D835888D0" "true" "1713938831368082" "GetBucket" "xiaoyulive" "-" - 2 "-" 504 "1713938831368082" - "-" "-"
 61.166.162.109 - - [24/Apr/2018:11:28:48 +0800] "GET /date/test.html HTTP/1.1" 206 2 2 "-" "Mozilla/5.0 (Windows NT 10.0; Win64; x64) AppleWebKit/537.36 (KHTML, like Gecko) oss-browser/1.4.5 Chrome/56.0.2924.87 Electron/1.6.5 Safari/537.36" "xiaoyulive.oss-cn-beijing.aliyuncs.com" "5ADEA470488C308699357A50" "true" "-" "GetObject" "xiaoyulive" "date%2Ftest.html" 288 2 "-" 405 "1713938831368082" - "-" "-"
 61.166.162.109 - - [24/Apr/2018:11:28:54 +0800] "GET /favicon.ico HTTP/1.1" 404 145 34 "-" "Mozilla/5.0 (Windows NT 10.0; WOW64) AppleWebKit/537.36 (KHTML, like Gecko) Chrome/63.0.3239.26 Safari/537.36 Core/1.63.5083.400 QQBrowser/10.0.972.400" "xiaoyulive.oss-cn-beijing.aliyuncs.com" "5ADEA476146326DA4E43F2EF" "true" "-" "GetObject" "xiaoyulive" "favicon.ico" 145 14 "-" 329 "1713938831368082" - "-" "-"
 106.15.218.28 - - [24/Apr/2018:11:29:07 +0800] "GET /date/test.html HTTP/1.1" 200 288 16 "-" "Mozilla/5.0 (Windows NT 10.0; WOW64) AppleWebKit/537.36 (KHTML, like Gecko) Chrome/63.0.3239.26 Safari/537.36 Core/1.63.5083.400 QQBrowser/10.0.972.400" "xiaoyulive.oss-cn-beijing.aliyuncs.com" "5ADEA48325F151AD7C5DF7D5" "true" "-" "GetObject" "xiaoyulive" "date%2Ftest.html" 288 2 "-" 1004 "1713938831368082" - "cdn" "-"
 106.15.218.22 - - [24/Apr/2018:11:29:08 +0800] "GET /date/0.gif HTTP/1.1" 403 292 7 "http://oss.xiaoyulive.top/date/test.html" "Mozilla/5.0 (Windows NT 10.0; WOW64) AppleWebKit/537.36 (KHTML, like Gecko) Chrome/63.0.3239.26 Safari/537.36 Core/1.63.5083.400 QQBrowser/10.0.972.400" "xiaoyulive.oss-cn-beijing.aliyuncs.com" "5ADEA48495F08143FB5EDA13" "true" "-" "GetObject" "xiaoyulive" "date%2F0.gif" - 7 "AccessDenied" 974 "1713938831368082" - "cdn" "-"
 106.15.218.22 - - [24/Apr/2018:11:29:11 +0800] "GET /date/0.gif HTTP/1.1" 403 292 1 "http://oss.xiaoyulive.top/date/test.html" "Mozilla/5.0 (Windows NT 10.0; WOW64) AppleWebKit/537.36 (KHTML, like Gecko) Chrome/63.0.3239.26 Safari/537.36 Core/1.63.5083.400 QQBrowser/10.0.972.400" "xiaoyulive.oss-cn-beijing.aliyuncs.com" "5ADEA48795F08143FB5EE362" "true" "-" "GetObject" "xiaoyulive" "date%2F0.gif" - 0 "AccessDenied" 974 "1713938831368082" - "cdn" "-"
 106.15.218.23 - - [24/Apr/2018:11:29:16 +0800] "GET /favicon.ico HTTP/1.1" 404 145 4 "-" "Mozilla/5.0 (Windows NT 10.0; WOW64) AppleWebKit/537.36 (KHTML, like Gecko) Chrome/63.0.3239.26 Safari/537.36 Core/1.63.5083.400 QQBrowser/10.0.972.400" "xiaoyulive.oss-cn-beijing.aliyuncs.com" "5ADEA48C9AA69F6D8358E3BC" "true" "-" "GetObject" "xiaoyulive" "favicon.ico" 145 3 "-" 875 "1713938831368082" - "cdn" "-"
 61.166.162.109 - - [24/Apr/2018:11:29:55 +0800] "PUT /date/test.html HTTP/1.1" 200 0 179 "-" "aliyun-sdk-nodejs/1.11.2(win32/10.0.14393/x64;v7.4.0)" "xiaoyulive.oss-cn-beijing.aliyuncs.com" "5ADEA4B318104364F95B03B7" "true" "1713938831368082" "PutObject" "xiaoyulive" "date%2Ftest.html" - 7 "-" 642 "1713938831368082" 2 "-" "-"
 61.166.162.109 - - [24/Apr/2018:11:29:56 +0800] "GET /?delimiter=%2F&marker=&prefix=date%2F HTTP/1.1" 200 2383 211 "-" "Mozilla/5.0 (Windows NT 10.0; Win64; x64) AppleWebKit/537.36 (KHTML, like Gecko) oss-browser/1.4.5 Chrome/56.0.2924.87 Electron/1.6.5 Safari/537.36" "xiaoyulive.oss-cn-beijing.aliyuncs.com" "5ADEA4B4DF97EB722748FE79" "true" "1713938831368082" "GetBucket" "xiaoyulive" "-" - 1 "-" 504 "1713938831368082" - "-" "-"
 106.15.218.28 - - [24/Apr/2018:11:29:58 +0800] "GET /date/test.html HTTP/1.1" 200 290 23 "-" "Mozilla/5.0 (iPhone; CPU iPhone OS 9_1 like Mac OS X) AppleWebKit/601.1.46 (KHTML, like Gecko) Version/9.0 Mobile/13B143 Safari/601.1" "xiaoyulive.oss-cn-beijing.aliyuncs.com" "5ADEA4B620FB5E16AE6322CD" "true" "-" "GetObject" "xiaoyulive" "date%2Ftest.html" 290 1 "-" 1113 "1713938831368082" - "cdn" "-"
 106.15.218.22 - - [24/Apr/2018:11:29:58 +0800] "GET /date/0.gif HTTP/1.1" 403 292 1 "http://oss.xiaoyulive.top/date/test.html" "Mozilla/5.0 (iPhone; CPU iPhone OS 9_1 like Mac OS X) AppleWebKit/601.1.46 (KHTML, like Gecko) Version/9.0 Mobile/13B143 Safari/601.1" "xiaoyulive.oss-cn-beijing.aliyuncs.com" "5ADEA4B6E677A2B886775227" "true" "-" "GetObject" "xiaoyulive" "date%2F0.gif" - 1 "AccessDenied" 956 "1713938831368082" - "cdn" "-"
 123.57.118.175 - - [24/Apr/2018:11:30:07 +0800] "GET /date/test.html HTTP/1.1" 403 292 7 "blank" "Mozilla/5.0 (Windows NT 6.1; WOW64) AppleWebKit/537.36 (KHTML, like Gecko) Chrome/43.0.2357.124 Safari/537.36" "xiaoyulive.oss-cn-beijing.aliyuncs.com" "5ADEA4BFF3437558334B9BFE" "true" "-" "GetObject" "xiaoyulive" "date%2Ftest.html" - 7 "AccessDenied" 755 "1713938831368082" - "cdn" "-"
 61.166.162.109 - - [24/Apr/2018:11:30:10 +0800] "GET /date/0.gif HTTP/1.1" 206 2 20 "-" "Mozilla/5.0 (Windows NT 10.0; Win64; x64) AppleWebKit/537.36 (KHTML, like Gecko) oss-browser/1.4.5 Chrome/56.0.2924.87 Electron/1.6.5 Safari/537.36" "xiaoyulive.oss-cn-beijing.aliyuncs.com" "5ADEA4C2CF4DC14012545B55" "true" "-" "GetObject" "xiaoyulive" "date%2F0.gif" 3116 4 "-" 401 "1713938831368082" - "-" "-"
 123.57.118.175 - - [24/Apr/2018:11:30:12 +0800] "GET /date/test.html HTTP/1.1" 200 290 11 "-" "Mozilla/5.0 (Windows NT 6.1; WOW64; rv:50.0) Gecko/20100101 Firefox/50.0" "xiaoyulive.oss-cn-beijing.aliyuncs.com" "5ADEA4C4F3437558334BAA44" "true" "-" "GetObject" "xiaoyulive" "date%2Ftest.html" 290 1 "-" 702 "1713938831368082" - "cdn" "-"
 61.166.162.109 - - [24/Apr/2018:11:30:14 +0800] "GET /date/0.gif HTTP/1.1" 200 3116 19 "-" "Mozilla/5.0 (Windows NT 10.0; WOW64) AppleWebKit/537.36 (KHTML, like Gecko) Chrome/63.0.3239.26 Safari/537.36 Core/1.63.5083.400 QQBrowser/10.0.972.400" "xiaoyulive.oss-cn-beijing.aliyuncs.com" "5ADEA4C670A7D31DDB74C921" "true" "-" "GetObject" "xiaoyulive" "date%2F0.gif" 3116 2 "-" 453 "1713938831368082" - "-" "-"
 61.166.162.109 - - [24/Apr/2018:11:30:15 +0800] "GET /favicon.ico HTTP/1.1" 403 292 0 "http://xiaoyulive.oss-cn-beijing.aliyuncs.com/date/0.gif" "Mozilla/5.0 (Windows NT 10.0; WOW64) AppleWebKit/537.36 (KHTML, like Gecko) Chrome/63.0.3239.26 Safari/537.36 Core/1.63.5083.400 QQBrowser/10.0.972.400" "xiaoyulive.oss-cn-beijing.aliyuncs.com" "5ADEA4C770A7D31DDB74CAE2" "true" "-" "GetObject" "xiaoyulive" "favicon.ico" - 0 "AccessDenied" 445 "1713938831368082" - "-" "-"
 61.166.162.109 - - [24/Apr/2018:11:30:17 +0800] "GET /favicon.ico HTTP/1.1" 404 145 3 "-" "Mozilla/5.0 (Windows NT 10.0; WOW64) AppleWebKit/537.36 (KHTML, like Gecko) Chrome/63.0.3239.26 Safari/537.36 Core/1.63.5083.400 QQBrowser/10.0.972.400" "xiaoyulive.oss-cn-beijing.aliyuncs.com" "5ADEA4C970A7D31DDB74D0E0" "true" "-" "GetObject" "xiaoyulive" "favicon.ico" 145 3 "-" 329 "1713938831368082" - "-" "-"
 61.166.162.109 - - [24/Apr/2018:11:30:28 +0800] "GET /favicon.ico HTTP/1.1" 404 145 106 "-" "Mozilla/5.0 (Windows NT 10.0; WOW64) AppleWebKit/537.36 (KHTML, like Gecko) Chrome/63.0.3239.26 Safari/537.36 Core/1.63.5083.400 QQBrowser/10.0.972.400" "xiaoyulive.oss-cn-beijing.aliyuncs.com" "5ADEA4D470A7D31DDB74ECAB" "true" "-" "GetObject" "xiaoyulive" "favicon.ico" 145 33 "-" 329 "1713938831368082" - "-" "-"
 106.15.218.23 - - [24/Apr/2018:11:30:28 +0800] "GET /favicon.ico HTTP/1.1" 404 145 22 "-" "Mozilla/5.0 (Windows NT 10.0; WOW64) AppleWebKit/537.36 (KHTML, like Gecko) Chrome/63.0.3239.26 Safari/537.36 Core/1.63.5083.400 QQBrowser/10.0.972.400" "xiaoyulive.oss-cn-beijing.aliyuncs.com" "5ADEA4D4FF346A29CE70C8DA" "true" "-" "GetObject" "xiaoyulive" "favicon.ico" 145 3 "-" 875 "1713938831368082" - "cdn" "-"
 61.166.162.109 - - [24/Apr/2018:11:30:29 +0800] "GET /favicon.ico HTTP/1.1" 404 145 1 "-" "Mozilla/5.0 (Windows NT 10.0; WOW64) AppleWebKit/537.36 (KHTML, like Gecko) Chrome/63.0.3239.26 Safari/537.36 Core/1.63.5083.400 QQBrowser/10.0.972.400" "xiaoyulive.oss-cn-beijing.aliyuncs.com" "5ADEA4D570A7D31DDB74EF4D" "true" "-" "GetObject" "xiaoyulive" "favicon.ico" 145 1 "-" 329 "1713938831368082" - "-" "-"
 106.15.218.23 - - [24/Apr/2018:11:30:30 +0800] "GET /favicon.ico HTTP/1.1" 404 145 2 "-" "Mozilla/5.0 (Windows NT 10.0; WOW64) AppleWebKit/537.36 (KHTML, like Gecko) Chrome/63.0.3239.26 Safari/537.36 Core/1.63.5083.400 QQBrowser/10.0.972.400" "xiaoyulive.oss-cn-beijing.aliyuncs.com" "5ADEA4D6FF346A29CE70CD09" "true" "-" "GetObject" "xiaoyulive" "favicon.ico" 145 1 "-" 875 "1713938831368082" - "cdn" "-"
 106.15.218.23 - - [24/Apr/2018:11:30:31 +0800] "GET /favicon.ico HTTP/1.1" 404 145 2 "-" "Mozilla/5.0 (Windows NT 10.0; WOW64) AppleWebKit/537.36 (KHTML, like Gecko) Chrome/63.0.3239.26 Safari/537.36 Core/1.63.5083.400 QQBrowser/10.0.972.400" "xiaoyulive.oss-cn-beijing.aliyuncs.com" "5ADEA4D7FF346A29CE70D17C" "true" "-" "GetObject" "xiaoyulive" "favicon.ico" 145 2 "-" 875 "1713938831368082" - "cdn" "-"
 61.166.162.109 - - [24/Apr/2018:11:30:31 +0800] "GET /favicon.ico HTTP/1.1" 404 145 3 "-" "Mozilla/5.0 (Windows NT 10.0; WOW64) AppleWebKit/537.36 (KHTML, like Gecko) Chrome/63.0.3239.26 Safari/537.36 Core/1.63.5083.400 QQBrowser/10.0.972.400" "xiaoyulive.oss-cn-beijing.aliyuncs.com" "5ADEA4D770A7D31DDB74F425" "true" "-" "GetObject" "xiaoyulive" "favicon.ico" 145 1 "-" 329 "1713938831368082" - "-" "-"
 106.15.218.23 - - [24/Apr/2018:11:30:33 +0800] "GET /favicon.ico HTTP/1.1" 404 145 3 "-" "Mozilla/5.0 (Windows NT 10.0; WOW64) AppleWebKit/537.36 (KHTML, like Gecko) Chrome/63.0.3239.26 Safari/537.36 Core/1.63.5083.400 QQBrowser/10.0.972.400" "xiaoyulive.oss-cn-beijing.aliyuncs.com" "5ADEA4D9FF346A29CE70D64F" "true" "-" "GetObject" "xiaoyulive" "favicon.ico" 145 1 "-" 875 "1713938831368082" - "cdn" "-"
 106.15.218.22 - - [24/Apr/2018:11:30:35 +0800] "GET /date/0.gif HTTP/1.1" 200 3116 19 "-" "Mozilla/5.0 (Windows NT 10.0; WOW64) AppleWebKit/537.36 (KHTML, like Gecko) Chrome/63.0.3239.26 Safari/537.36 Core/1.63.5083.400 QQBrowser/10.0.972.400" "xiaoyulive.oss-cn-beijing.aliyuncs.com" "5ADEA4DBD6D439574C1A0A5B" "true" "-" "GetObject" "xiaoyulive" "date%2F0.gif" 3116 1 "-" 999 "1713938831368082" - "cdn" "-"
 61.166.162.109 - - [24/Apr/2018:11:30:36 +0800] "GET /favicon.ico HTTP/1.1" 404 145 2 "-" "Mozilla/5.0 (Windows NT 10.0; WOW64) AppleWebKit/537.36 (KHTML, like Gecko) Chrome/63.0.3239.26 Safari/537.36 Core/1.63.5083.400 QQBrowser/10.0.972.400" "xiaoyulive.oss-cn-beijing.aliyuncs.com" "5ADEA4DC70A7D31DDB74FFF3" "true" "-" "GetObject" "xiaoyulive" "favicon.ico" 145 1 "-" 329 "1713938831368082" - "-" "-"
 106.15.218.23 - - [24/Apr/2018:11:30:36 +0800] "GET /favicon.ico HTTP/1.1" 404 145 2 "-" "Mozilla/5.0 (Windows NT 10.0; WOW64) AppleWebKit/537.36 (KHTML, like Gecko) Chrome/63.0.3239.26 Safari/537.36 Core/1.63.5083.400 QQBrowser/10.0.972.400" "xiaoyulive.oss-cn-beijing.aliyuncs.com" "5ADEA4DCFF346A29CE70DBDC" "true" "-" "GetObject" "xiaoyulive" "favicon.ico" 145 2 "-" 875 "1713938831368082" - "cdn" "-"
 119.23.91.195 - - [24/Apr/2018:11:30:52 +0800] "GET /date/0.gif HTTP/1.1" 200 3116 2 "-" "Mozilla/5.0 (iPhone; CPU iPhone OS 11_3 like Mac OS X) AppleWebKit/605.1.15 (KHTML, like Gecko) Mobile/15E216 MicroMessenger/6.6.5 NetType/4G Language/zh_CN" "xiaoyulive.oss-cn-beijing.aliyuncs.com" "5ADEA4ECC3FACB6D785E88E4" "true" "-" "GetObject" "xiaoyulive" "date%2F0.gif" 3116 1 "-" 867 "1713938831368082" - "cdn" "-"
 106.15.218.22 - - [24/Apr/2018:11:30:54 +0800] "GET /date/0.gif HTTP/1.1" 304 0 2 "-" "Mozilla/5.0 (Linux; Android 7.1.2; Redmi 5 Plus Build/N2G47H; wv) AppleWebKit/537.36 (KHTML, like Gecko) Version/4.0 Chrome/57.0.2987.132 MQQBrowser/6.2 TBS/044028 Mobile Safari/537.36 MicroMessenger/6.6.6.1300(0x26060636) NetType/WIFI Language/zh_CN" "xiaoyulive.oss-cn-beijing.aliyuncs.com" "5ADEA4EED6D439574C1A3FB7" "true" "-" "GetObject" "xiaoyulive" "date%2F0.gif" 3116 - "-" 1166 "1713938831368082" - "cdn" "-"
 101.132.57.153 - - [24/Apr/2018:11:30:55 +0800] "GET /favicon.ico HTTP/1.1" 403 292 4 "http://oss.xiaoyulive.top/date/0.gif" "Mozilla/5.0 (Linux; Android 7.1.2; Redmi 5 Plus Build/N2G47H; wv) AppleWebKit/537.36 (KHTML, like Gecko) Version/4.0 Chrome/57.0.2987.132 MQQBrowser/6.2 TBS/044028 Mobile Safari/537.36 MicroMessenger/6.6.6.1300(0x26060636) NetType/WIFI Language/zh_CN" "xiaoyulive.oss-cn-beijing.aliyuncs.com" "5ADEA4EF3299EC4B9E563FB6" "true" "-" "GetObject" "xiaoyulive" "favicon.ico" - 4 "AccessDenied" 1053 "1713938831368082" - "cdn" "-"
 106.15.218.23 - - [24/Apr/2018:11:31:07 +0800] "GET /favicon.ico HTTP/1.1" 403 292 0 "http://oss.xiaoyulive.top/date/0.gif" "Mozilla/5.0 (Linux; Android 7.1.2; Redmi 5 Plus Build/N2G47H; wv) AppleWebKit/537.36 (KHTML, like Gecko) Version/4.0 Chrome/57.0.2987.132 MQQBrowser/6.2 TBS/044028 Mobile Safari/537.36 MicroMessenger/6.6.6.1300(0x26060636) NetType/WIFI Language/zh_CN" "xiaoyulive.oss-cn-beijing.aliyuncs.com" "5ADEA4FBFF346A29CE7132D7" "true" "-" "GetObject" "xiaoyulive" "favicon.ico" - 0 "AccessDenied" 1056 "1713938831368082" - "cdn" "-"
 101.132.57.164 - - [24/Apr/2018:11:31:07 +0800] "GET /date/0.gif HTTP/1.1" 200 3116 19 "-" "Mozilla/5.0 (Linux; Android 7.1.2; Redmi 5 Plus Build/N2G47H; wv) AppleWebKit/537.36 (KHTML, like Gecko) Version/4.0 Chrome/57.0.2987.132 MQQBrowser/6.2 TBS/044028 Mobile Safari/537.36 MicroMessenger/6.6.6.1300(0x26060636) NetType/WIFI Language/zh_CN" "xiaoyulive.oss-cn-beijing.aliyuncs.com" "5ADEA4FB5FB164CEE56B87BC" "true" "-" "GetObject" "xiaoyulive" "date%2F0.gif" 3116 1 "-" 1089 "1713938831368082" - "cdn" "-"
 119.23.91.195 - - [24/Apr/2018:11:31:09 +0800] "GET /date/0.gif HTTP/1.1" 304 0 1 "-" "Mozilla/5.0 (iPhone; CPU iPhone OS 11_3 like Mac OS X) AppleWebKit/605.1.15 (KHTML, like Gecko) Mobile/15E216 MicroMessenger/6.6.5 NetType/4G Language/zh_CN" "xiaoyulive.oss-cn-beijing.aliyuncs.com" "5ADEA4FDC3FACB6D785EB405" "true" "-" "GetObject" "xiaoyulive" "date%2F0.gif" 3116 - "-" 968 "1713938831368082" - "cdn" "-"
 101.132.57.153 - - [24/Apr/2018:11:31:10 +0800] "GET /favicon.ico HTTP/1.1" 403 292 1 "http://oss.xiaoyulive.top/date/0.gif" "Mozilla/5.0 (Linux; Android 7.1.2; Redmi 5 Plus Build/N2G47H; wv) AppleWebKit/537.36 (KHTML, like Gecko) Version/4.0 Chrome/57.0.2987.132 MQQBrowser/6.2 TBS/044028 Mobile Safari/537.36 MicroMessenger/6.6.6.1300(0x26060636) NetType/WIFI Language/zh_CN" "xiaoyulive.oss-cn-beijing.aliyuncs.com" "5ADEA4FE3299EC4B9E566AD5" "true" "-" "GetObject" "xiaoyulive" "favicon.ico" - 1 "AccessDenied" 1053 "1713938831368082" - "cdn" "-"
 106.15.218.23 - - [24/Apr/2018:11:31:16 +0800] "GET /favicon.ico HTTP/1.1" 403 292 1 "http://oss.xiaoyulive.top/date/0.gif" "Mozilla/5.0 (Linux; Android 7.1.2; Redmi 5 Plus Build/N2G47H; wv) AppleWebKit/537.36 (KHTML, like Gecko) Version/4.0 Chrome/57.0.2987.132 MQQBrowser/6.2 TBS/044028 Mobile Safari/537.36 MicroMessenger/6.6.6.1300(0x26060636) NetType/WIFI Language/zh_CN" "xiaoyulive.oss-cn-beijing.aliyuncs.com" "5ADEA504FF346A29CE7148DB" "true" "-" "GetObject" "xiaoyulive" "favicon.ico" - 0 "AccessDenied" 1056 "1713938831368082" - "cdn" "-"
 101.132.57.153 - - [24/Apr/2018:11:31:19 +0800] "GET /favicon.ico HTTP/1.1" 403 292 1 "http://oss.xiaoyulive.top/date/0.gif" "Mozilla/5.0 (Linux; Android 7.1.2; Redmi 5 Plus Build/N2G47H; wv) AppleWebKit/537.36 (KHTML, like Gecko) Version/4.0 Chrome/57.0.2987.132 MQQBrowser/6.2 TBS/044028 Mobile Safari/537.36 MicroMessenger/6.6.6.1300(0x26060636) NetType/WIFI Language/zh_CN" "xiaoyulive.oss-cn-beijing.aliyuncs.com" "5ADEA5073299EC4B9E5683B2" "true" "-" "GetObject" "xiaoyulive" "favicon.ico" - 0 "AccessDenied" 1053 "1713938831368082" - "cdn" "-"
 101.132.57.153 - - [24/Apr/2018:11:31:22 +0800] "GET /favicon.ico HTTP/1.1" 403 292 0 "http://oss.xiaoyulive.top/date/0.gif" "Mozilla/5.0 (Linux; Android 7.1.2; Redmi 5 Plus Build/N2G47H; wv) AppleWebKit/537.36 (KHTML, like Gecko) Version/4.0 Chrome/57.0.2987.132 MQQBrowser/6.2 TBS/044028 Mobile Safari/537.36 MicroMessenger/6.6.6.1300(0x26060636) NetType/WIFI Language/zh_CN" "xiaoyulive.oss-cn-beijing.aliyuncs.com" "5ADEA50A3299EC4B9E568AA7" "true" "-" "GetObject" "xiaoyulive" "favicon.ico" - 0 "AccessDenied" 1053 "1713938831368082" - "cdn" "-"
 101.132.57.153 - - [24/Apr/2018:11:31:38 +0800] "GET /favicon.ico HTTP/1.1" 403 292 0 "http://oss.xiaoyulive.top/date/0.gif" "Mozilla/5.0 (Linux; Android 7.1.2; Redmi 5 Plus Build/N2G47H; wv) AppleWebKit/537.36 (KHTML, like Gecko) Version/4.0 Chrome/57.0.2987.132 MQQBrowser/6.2 TBS/044028 Mobile Safari/537.36 MicroMessenger/6.6.6.1300(0x26060636) NetType/WIFI Language/zh_CN" "xiaoyulive.oss-cn-beijing.aliyuncs.com" "5ADEA51A3299EC4B9E56B184" "true" "-" "GetObject" "xiaoyulive" "favicon.ico" - 0 "AccessDenied" 1053 "1713938831368082" - "cdn" "-"
 106.15.218.23 - - [24/Apr/2018:11:32:02 +0800] "GET /favicon.ico HTTP/1.1" 403 292 0 "http://oss.xiaoyulive.top/date/0.gif" "Mozilla/5.0 (Linux; Android 7.1.2; Redmi 5 Plus Build/N2G47H; wv) AppleWebKit/537.36 (KHTML, like Gecko) Version/4.0 Chrome/57.0.2987.132 MQQBrowser/6.2 TBS/044028 Mobile Safari/537.36 MicroMessenger/6.6.6.1300(0x26060636) NetType/WIFI Language/zh_CN" "xiaoyulive.oss-cn-beijing.aliyuncs.com" "5ADEA532D6D439574C1AFAA8" "true" "-" "GetObject" "xiaoyulive" "favicon.ico" - 0 "AccessDenied" 1056 "1713938831368082" - "cdn" "-"
 106.15.218.23 - - [24/Apr/2018:11:32:39 +0800] "GET /favicon.ico HTTP/1.1" 403 292 7 "http://oss.xiaoyulive.top/date/0.gif" "Mozilla/5.0 (Linux; Android 7.1.2; Redmi 5 Plus Build/N2G47H; wv) AppleWebKit/537.36 (KHTML, like Gecko) Version/4.0 Chrome/57.0.2987.132 MQQBrowser/6.2 TBS/044028 Mobile Safari/537.36 MicroMessenger/6.6.6.1300(0x26060636) NetType/WIFI Language/zh_CN" "xiaoyulive.oss-cn-beijing.aliyuncs.com" "5ADEA557B4DE0B769A7191CD" "true" "-" "GetObject" "xiaoyulive" "favicon.ico" - 7 "AccessDenied" 1056 "1713938831368082" - "cdn" "-"
 123.120.5.61 - - [24/Apr/2018:11:35:28 +0800] "GET /imgs/0006.png HTTP/1.1" 403 292 5 "https://blog.csdn.net/u014302759/article/details/78634951" "Mozilla/5.0 (Windows NT 10.0; WOW64) AppleWebKit/537.36 (KHTML, like Gecko) Chrome/64.0.3282.168 Safari/537.36" "xiaoyulive.oss-cn-beijing.aliyuncs.com" "5ADEA60030743251B577DBF6" "true" "-" "GetObject" "xiaoyulive" "imgs%2F0006.png" - 5 "AccessDenied" 407 "1713938831368082" - "-" "-"
 61.166.162.109 - - [24/Apr/2018:11:42:39 +0800] "GET /favicon.ico HTTP/1.1" 404 145 38 "-" "Mozilla/5.0 (Windows NT 10.0; WOW64) AppleWebKit/537.36 (KHTML, like Gecko) Chrome/63.0.3239.26 Safari/537.36 Core/1.63.5083.400 QQBrowser/10.0.972.400" "xiaoyulive.oss-cn-beijing.aliyuncs.com" "5ADEA7AE01F3FC29D86DFAB5" "true" "-" "GetObject" "xiaoyulive" "favicon.ico" 145 3 "-" 329 "1713938831368082" - "-" "-"
 106.15.218.23 - - [24/Apr/2018:11:42:39 +0800] "GET /favicon.ico HTTP/1.1" 404 145 20 "-" "Mozilla/5.0 (Windows NT 10.0; WOW64) AppleWebKit/537.36 (KHTML, like Gecko) Chrome/63.0.3239.26 Safari/537.36 Core/1.63.5083.400 QQBrowser/10.0.972.400" "xiaoyulive.oss-cn-beijing.aliyuncs.com" "5ADEA7AF488500CC5C717490" "true" "-" "GetObject" "xiaoyulive" "favicon.ico" 145 2 "-" 875 "1713938831368082" - "cdn" "-"
 61.166.162.109 - - [24/Apr/2018:11:42:55 +0800] "GET /favicon.ico HTTP/1.1" 404 145 1 "-" "Mozilla/5.0 (Windows NT 10.0; WOW64) AppleWebKit/537.36 (KHTML, like Gecko) Chrome/63.0.3239.26 Safari/537.36 Core/1.63.5083.400 QQBrowser/10.0.972.400" "xiaoyulive.oss-cn-beijing.aliyuncs.com" "5ADEA7BF01F3FC29D86E2441" "true" "-" "GetObject" "xiaoyulive" "favicon.ico" 145 1 "-" 329 "1713938831368082" - "-" "-"
 106.15.218.23 - - [24/Apr/2018:11:42:55 +0800] "GET /favicon.ico HTTP/1.1" 404 145 3 "-" "Mozilla/5.0 (Windows NT 10.0; WOW64) AppleWebKit/537.36 (KHTML, like Gecko) Chrome/63.0.3239.26 Safari/537.36 Core/1.63.5083.400 QQBrowser/10.0.972.400" "xiaoyulive.oss-cn-beijing.aliyuncs.com" "5ADEA7BF488500CC5C719FA8" "true" "-" "GetObject" "xiaoyulive" "favicon.ico" 145 2 "-" 875 "1713938831368082" - "cdn" "-"
 182.150.22.183 - - [24/Apr/2018:11:48:39 +0800] "GET /imgs/react/005.jpg HTTP/1.1" 403 292 0 "http://frontend.dev-ag.56qq.com/docs/reference/react.html" "Mozilla/5.0 (Windows NT 6.1; WOW64) AppleWebKit/537.36 (KHTML, like Gecko) Chrome/63.0.3239.26 Safari/537.36 Core/1.63.5083.400 QQBrowser/10.0.972.400" "xiaoyulive.oss-cn-beijing.aliyuncs.com" "5ADEA9179497D165AA710ED9" "true" "-" "GetObject" "xiaoyulive" "imgs%2Freact%2F005.jpg" - 0 "AccessDenied" 452 "1713938831368082" - "-" "-"
 182.150.22.183 - - [24/Apr/2018:11:48:39 +0800] "GET /imgs/react/005.jpg HTTP/1.1" 403 292 1 "http://frontend.dev-ag.56qq.com/docs/reference/react.html" "Mozilla/5.0 (Windows NT 6.1; WOW64) AppleWebKit/537.36 (KHTML, like Gecko) Chrome/63.0.3239.26 Safari/537.36 Core/1.63.5083.400 QQBrowser/10.0.972.400" "xiaoyulive.oss-cn-beijing.aliyuncs.com" "5ADEA9179497D165AA710F1D" "true" "-" "GetObject" "xiaoyulive" "imgs%2Freact%2F005.jpg" - 1 "AccessDenied" 452 "1713938831368082" - "-" "-"
 182.150.22.183 - - [24/Apr/2018:11:48:39 +0800] "GET /imgs/react/005.jpg HTTP/1.1" 403 292 5 "http://frontend.dev-ag.56qq.com/docs/reference/react.html" "Mozilla/5.0 (Windows NT 6.1; WOW64) AppleWebKit/537.36 (KHTML, like Gecko) Chrome/63.0.3239.26 Safari/537.36 Core/1.63.5083.400 QQBrowser/10.0.972.400" "xiaoyulive.oss-cn-beijing.aliyuncs.com" "5ADEA9179497D165AA710E52" "true" "-" "GetObject" "xiaoyulive" "imgs%2Freact%2F005.jpg" - 5 "AccessDenied" 452 "1713938831368082" - "-" "-"
 222.75.145.19 - - [24/Apr/2018:11:53:30 +0800] "GET /imgs/0006.png HTTP/1.1" 403 292 5 "http://www.cnblogs.com/xiaoyulive/p/7897021.html" "Mozilla/5.0 (Windows NT 6.1; WOW64) AppleWebKit/537.36 (KHTML, like Gecko) Chrome/55.0.2883.87 Safari/537.36" "xiaoyulive.oss-cn-beijing.aliyuncs.com" "5ADEAA3A93EBF94C24720FDB" "true" "-" "GetObject" "xiaoyulive" "imgs%2F0006.png" - 5 "AccessDenied" 391 "1713938831368082" - "-" "-"
 124.202.170.74 - - [24/Apr/2018:11:55:01 +0800] "GET /imgs/gitbook/003.png HTTP/1.1" 200 31108 49 "-" "Mozilla/5.0 (Windows NT 10.0; Win64; x64) AppleWebKit/537.36 (KHTML, like Gecko) Chrome/66.0.3359.117 Safari/537.36" "xiaoyulive.oss-cn-beijing.aliyuncs.com" "5ADEAA95794A92570950FD28" "true" "-" "GetObject" "xiaoyulive" "imgs%2Fgitbook%2F003.png" 31108 39 "-" 351 "1713938831368082" - "-" "-"
 124.202.170.74 - - [24/Apr/2018:11:55:01 +0800] "GET /imgs/gitbook/002.png HTTP/1.1" 200 14966 47 "-" "Mozilla/5.0 (Windows NT 10.0; Win64; x64) AppleWebKit/537.36 (KHTML, like Gecko) Chrome/66.0.3359.117 Safari/537.36" "xiaoyulive.oss-cn-beijing.aliyuncs.com" "5ADEAA95488C30869945EC8D" "true" "-" "GetObject" "xiaoyulive" "imgs%2Fgitbook%2F002.png" 14966 37 "-" 351 "1713938831368082" - "-" "-"
 124.202.170.74 - - [24/Apr/2018:11:55:01 +0800] "GET /imgs/gitbook/001.png HTTP/1.1" 200 8793 45 "-" "Mozilla/5.0 (Windows NT 10.0; Win64; x64) AppleWebKit/537.36 (KHTML, like Gecko) Chrome/66.0.3359.117 Safari/537.36" "xiaoyulive.oss-cn-beijing.aliyuncs.com" "5ADEAA9518EA5EA611A89854" "true" "-" "GetObject" "xiaoyulive" "imgs%2Fgitbook%2F001.png" 8793 21 "-" 351 "1713938831368082" - "-" "-"
 124.202.170.74 - - [24/Apr/2018:11:55:28 +0800] "GET /imgs/gitbook/004.png HTTP/1.1" 200 6920 21 "-" "Mozilla/5.0 (Windows NT 10.0; Win64; x64) AppleWebKit/537.36 (KHTML, like Gecko) Chrome/66.0.3359.117 Safari/537.36" "xiaoyulive.oss-cn-beijing.aliyuncs.com" "5ADEAAB0794A925709514CE8" "true" "-" "GetObject" "xiaoyulive" "imgs%2Fgitbook%2F004.png" 6920 20 "-" 351 "1713938831368082" - "-" "-"
 124.202.170.74 - - [24/Apr/2018:11:56:01 +0800] "GET /imgs/software/gitbook.jpg?x-oss-process=style/thumb HTTP/1.1" 200 37391 98 "-" "Mozilla/5.0 (Windows NT 10.0; Win64; x64) AppleWebKit/537.36 (KHTML, like Gecko) Chrome/66.0.3359.117 Safari/537.36" "xiaoyulive.oss-cn-beijing.aliyuncs.com" "5ADEAAD1794A925F092A8B1D" "true" "-" "ProcessImage" "xiaoyulive" "imgs%2Fsoftware%2Fgitbook.jpg" 185776 - "-" 382 "1713938831368082" - "-" "-"
 124.202.170.74 - - [24/Apr/2018:11:56:20 +0800] "GET /imgs/markdown/003.png HTTP/1.1" 200 4799 32 "-" "Mozilla/5.0 (Windows NT 10.0; Win64; x64) AppleWebKit/537.36 (KHTML, like Gecko) Chrome/66.0.3359.117 Safari/537.36" "xiaoyulive.oss-cn-beijing.aliyuncs.com" "5ADEAAE4794A92570951D3C6" "true" "-" "GetObject" "xiaoyulive" "imgs%2Fmarkdown%2F003.png" 4799 31 "-" 352 "1713938831368082" - "-" "-"
 59.172.62.14 - - [24/Apr/2018:11:59:53 +0800] "GET /imgs/0006.png HTTP/1.1" 403 292 7 "https://blog.csdn.net/u014302759/article/details/78634951" "Mozilla/5.0 (Windows NT 10.0; WOW64) AppleWebKit/537.36 (KHTML, like Gecko) Chrome/47.0.2526.106 BIDUBrowser/8.7 Safari/537.36" "xiaoyulive.oss-cn-beijing.aliyuncs.com" "5ADEABB9EA87263E934FE0F5" "true" "-" "GetObject" "xiaoyulive" "imgs%2F0006.png" - 7 "AccessDenied" 420 "1713938831368082" - "-" "-"
